****************************************************************************************************
Logging has started at 2026-06-04 00:15:45.
****************************************************************************************************
[00:15:45] [   LOG   ] [ModelViewer] ModelViewer starting...
[00:15:45] [   LOG   ] [ModelViewer] Initializing Graphics Engine...
[00:15:45] [   LOG   ] [ModelViewer] Ready!
****************************************************************************************************
Logging has started at 2026-06-04 01:17:46.
****************************************************************************************************
[01:17:46] [   LOG   ] [ModelViewer] ModelViewer starting...
[01:17:46] [   LOG   ] [ModelViewer] Initializing Graphics Engine...
****************************************************************************************************
Logging has started at 2026-06-04 01:18:05.
****************************************************************************************************
[01:18:05] [   LOG   ] [ModelViewer] ModelViewer starting...
[01:18:05] [   LOG   ] [ModelViewer] Initializing Graphics Engine...
****************************************************************************************************
Logging has started at 2026-06-04 01:21:15.
****************************************************************************************************
[01:21:15] [   LOG   ] [ModelViewer] ModelViewer starting...
****************************************************************************************************
Logging has started at 2026-06-04 01:27:45.
****************************************************************************************************
[01:27:45] [   LOG   ] [ModelViewer] ModelViewer starting...
[01:27:45] [   LOG   ] [ModelViewer] Initializing Graphics Engine...
[01:27:45] [   LOG   ] [RHI] Initializing RHI...
[01:27:45] [   LOG   ] [RHI] Selected adapter: NVIDIA GeForce MX450
[01:27:47] [   LOG   ] [RHI] RHI Started!
[01:27:47] [   LOG   ] [ModelViewer] Ready!
****************************************************************************************************
Logging has started at 2026-06-04 11:19:30.
****************************************************************************************************
[11:19:30] [   LOG   ] [ModelViewer] ModelViewer starting...
[11:19:30] [   LOG   ] [ModelViewer] Initializing Graphics Engine...
[11:19:30] [   LOG   ] [RHI] Initializing RHI...
[11:19:30] [   LOG   ] [RHI] Selected adapter: NVIDIA GeForce MX450
[11:19:32] [   LOG   ] [RHI] RHI Started!
[11:19:32] [   LOG   ] [ModelViewer] Ready!
****************************************************************************************************
Logging has started at 2026-06-04 11:23:29.
****************************************************************************************************
[11:23:29] [   LOG   ] [ModelViewer] ModelViewer starting...
[11:23:29] [   LOG   ] [ModelViewer] Initializing Graphics Engine...
[11:23:29] [   LOG   ] [RHI] Initializing RHI...
[11:23:29] [   LOG   ] [RHI] Selected adapter: NVIDIA GeForce MX450
[11:23:31] [   LOG   ] [RHI] RHI Started!
[11:23:31] [   LOG   ] [ModelViewer] Ready!
****************************************************************************************************
Logging has started at 2026-06-04 11:28:31.
****************************************************************************************************
[11:28:31] [   LOG   ] [ModelViewer] ModelViewer starting...
[11:28:31] [   LOG   ] [ModelViewer] Initializing Graphics Engine...
[11:28:31] [   LOG   ] [RHI] Initializing RHI...
[11:28:31] [   LOG   ] [RHI] Selected adapter: NVIDIA GeForce MX450
[11:28:32] [   LOG   ] [RHI] RHI Started!
[11:28:32] [   LOG   ] [ModelViewer] Ready!
****************************************************************************************************
Logging has started at 2026-06-04 11:46:58.
****************************************************************************************************
[11:46:58] [   LOG   ] [ModelViewer] ModelViewer starting...
[11:46:58] [   LOG   ] [ModelViewer] Initializing Graphics Engine...
[11:46:58] [   LOG   ] [RHI] Initializing RHI...
[11:46:58] [   LOG   ] [RHI] Selected adapter: Capture Adapter
[11:46:59] [   LOG   ] [RHI] RHI Started!
[11:46:59] [   LOG   ] [ModelViewer] Ready!
****************************************************************************************************
Logging has started at 2026-06-04 16:42:45.
****************************************************************************************************
[16:42:45] [   LOG   ] [ModelViewer] ModelViewer starting...
[16:42:45] [   LOG   ] [ModelViewer] Initializing Graphics Engine...
[16:42:45] [   LOG   ] [RHI] Initializing RHI...
[16:42:45] [   LOG   ] [RHI] Selected adapter: NVIDIA GeForce RTX 2080
[16:42:45] [   LOG   ] [RHI] RHI Started!
[16:42:45] [   LOG   ] [ModelViewer] Ready!
****************************************************************************************************
Logging has started at 2026-06-04 16:43:16.
****************************************************************************************************
[16:43:16] [   LOG   ] [ModelViewer] ModelViewer starting...
[16:43:16] [   LOG   ] [ModelViewer] Initializing Graphics Engine...
[16:43:17] [   LOG   ] [RHI] Initializing RHI...
[16:43:17] [   LOG   ] [RHI] Selected adapter: Capture Adapter
[16:43:17] [   LOG   ] [RHI] RHI Started!
[16:43:17] [   LOG   ] [ModelViewer] Ready!
****************************************************************************************************
Logging has started at 2026-06-04 16:45:29.
****************************************************************************************************
[16:45:29] [   LOG   ] [ModelViewer] ModelViewer starting...
[16:45:29] [   LOG   ] [ModelViewer] Initializing Graphics Engine...
[16:45:29] [   LOG   ] [RHI] Initializing RHI...
[16:45:29] [   LOG   ] [RHI] Selected adapter: Capture Adapter
[16:45:29] [   LOG   ] [RHI] RHI Started!
[16:45:29] [   LOG   ] [ModelViewer] Ready!
****************************************************************************************************
Logging has started at 2026-06-04 20:46:24.
****************************************************************************************************
[20:46:24] [   LOG   ] [ModelViewer] ModelViewer starting...
[20:46:24] [   LOG   ] [ModelViewer] Initializing Graphics Engine...
[20:46:25] [   LOG   ] [RHI] Initializing RHI...
[20:46:25] [   LOG   ] [RHI] Selected adapter: Capture Adapter
[20:46:25] [   LOG   ] [RHI] RHI Started!
[20:46:25] [   LOG   ] [ModelViewer] Ready!
****************************************************************************************************
Logging has started at 2026-06-05 22:38:44.
****************************************************************************************************
[22:38:44] [   LOG   ] [ModelViewer] ModelViewer starting...
[22:38:44] [   LOG   ] [ModelViewer] Initializing Graphics Engine...
[22:38:44] [   LOG   ] [RHI] Initializing RHI...
[22:38:44] [   LOG   ] [RHI] Selected adapter: Capture Adapter
[22:38:44] [   LOG   ] [RHI] RHI Started!
[22:38:44] [   LOG   ] [ModelViewer] Ready!
****************************************************************************************************
Logging has started at 2026-06-09 11:52:51.
****************************************************************************************************
[11:52:51] [   LOG   ] [RHI] Initializing RHI...
[11:52:51] [   LOG   ] [RHI] Selected adapter: NVIDIA GeForce RTX 2080
[11:52:53] [   LOG   ] [RHI] RHI Started!
****************************************************************************************************
Logging has started at 2026-06-09 13:00:16.
****************************************************************************************************
[13:00:16] [   LOG   ] [RHI] Initializing RHI...
[13:00:16] [   LOG   ] [RHI] Selected adapter: NVIDIA GeForce RTX 2080
[13:00:17] [   LOG   ] [RHI] RHI Started!
****************************************************************************************************
Logging has started at 2026-06-09 14:05:53.
****************************************************************************************************
[14:05:53] [   LOG   ] [RHI] Initializing RHI...
[14:05:53] [   LOG   ] [RHI] Selected adapter: NVIDIA GeForce RTX 2080
[14:05:53] [   LOG   ] [RHI] RHI Started!
****************************************************************************************************
Logging has started at 2026-06-12 11:21:49.
****************************************************************************************************
[11:21:49] [   LOG   ] [ModelViewer] ModelViewer starting...
[] [  ERROR  ] [ModelViewer] Exception caught!
canonical: The system cannot find the file specified.: "C:\Users\tarik.bergstrom\Documents\GitHub\AGP\Source\Application\ModelViewer\..\..\Assets"
****************************************************************************************************
Logging has started at 2026-06-12 11:22:56.
****************************************************************************************************
[11:22:56] [   LOG   ] [ModelViewer] ModelViewer starting...
[] [  ERROR  ] [ModelViewer] Exception caught!
canonical: The system cannot find the file specified.: "C:\Users\tarik.bergstrom\Documents\GitHub\AGP\Source\Application\ModelViewer\..\..\Assets"
****************************************************************************************************
Logging has started at 2026-06-12 11:24:17.
****************************************************************************************************
[11:24:17] [   LOG   ] [ModelViewer] ModelViewer starting...
[11:24:17] [   LOG   ] [ModelViewer] Initializing Graphics Engine...
[11:24:17] [   LOG   ] [RHI] Initializing RHI...
[11:24:17] [   LOG   ] [RHI] Selected adapter: NVIDIA GeForce RTX 2080
[11:24:17] [   LOG   ] [RHI] RHI Started!
[11:24:18] [   LOG   ] [ModelViewer] Loaded FBX mesh 'SM_Chest' with 2 elements.
[11:24:18] [   LOG   ] [ModelViewer] Loaded FBX mesh 'SK_C_TGA_Bro' with 1 elements.
[11:24:18] [   LOG   ] [ModelViewer] Loaded animation 'Walk' for mesh 'SK_C_TGA_Bro'.
[11:24:19] [   LOG   ] [ModelViewer] Loaded animation 'Run' for mesh 'SK_C_TGA_Bro'.
[11:24:19] [   LOG   ] [ModelViewer] Loaded animation 'Wave' for mesh 'SK_C_TGA_Bro'.
[11:24:19] [   LOG   ] [ModelViewer] Loaded animation 'Breathing' for mesh 'SK_C_TGA_Bro'.
[11:24:23] [   LOG   ] [ModelViewer] Ready!
