****************************************************************************************************
Logging has started at 2026-06-07 14:21:31.
****************************************************************************************************
[14:21:31] [   LOG   ] [ModelViewer] ModelViewer starting...
[14:21:31] [   LOG   ] [ModelViewer] Initializing Graphics Engine...
[14:21:31] [   LOG   ] [RHI] Initializing RHI...
[14:21:31] [   LOG   ] [RHI] Selected adapter: NVIDIA GeForce RTX 3070
[14:21:31] [   LOG   ] [RHI] RHI Started!
[14:21:31] [   LOG   ] [ModelViewer] Ready!
****************************************************************************************************
Logging has started at 2026-06-07 14:22:44.
****************************************************************************************************
[14:22:44] [   LOG   ] [ModelViewer] ModelViewer starting...
[14:22:44] [   LOG   ] [ModelViewer] Initializing Graphics Engine...
[14:22:44] [   LOG   ] [RHI] Initializing RHI...
[14:22:44] [   LOG   ] [RHI] Selected adapter: NVIDIA GeForce RTX 3070
[14:22:44] [   LOG   ] [RHI] RHI Started!
[14:22:44] [   LOG   ] [ModelViewer] Ready!
****************************************************************************************************
Logging has started at 2026-06-07 14:23:14.
****************************************************************************************************
[14:23:14] [   LOG   ] [ModelViewer] ModelViewer starting...
[14:23:14] [   LOG   ] [ModelViewer] Initializing Graphics Engine...
[14:23:14] [   LOG   ] [RHI] Initializing RHI...
[14:23:14] [   LOG   ] [RHI] Selected adapter: Capture Adapter
[14:23:15] [   LOG   ] [RHI] RHI Started!
[14:23:15] [   LOG   ] [ModelViewer] Ready!
****************************************************************************************************
Logging has started at 2026-06-07 15:17:12.
****************************************************************************************************
[15:17:12] [   LOG   ] [ModelViewer] ModelViewer starting...
[15:17:12] [   LOG   ] [ModelViewer] Initializing Graphics Engine...
[15:17:12] [   LOG   ] [RHI] Initializing RHI...
[15:17:12] [   LOG   ] [RHI] Selected adapter: NVIDIA GeForce RTX 3070
[15:17:12] [   LOG   ] [RHI] RHI Started!
[15:17:12] [   LOG   ] [ModelViewer] Ready!
****************************************************************************************************
Logging has started at 2026-06-07 15:19:21.
****************************************************************************************************
[15:19:21] [   LOG   ] [ModelViewer] ModelViewer starting...
[15:19:21] [   LOG   ] [ModelViewer] Initializing Graphics Engine...
[15:19:21] [   LOG   ] [RHI] Initializing RHI...
[15:19:21] [   LOG   ] [RHI] Selected adapter: NVIDIA GeForce RTX 3070
[15:19:22] [   LOG   ] [RHI] RHI Started!
[15:19:22] [   LOG   ] [ModelViewer] Ready!
****************************************************************************************************
Logging has started at 2026-06-07 15:19:46.
****************************************************************************************************
[15:19:46] [   LOG   ] [ModelViewer] ModelViewer starting...
[15:19:46] [   LOG   ] [ModelViewer] Initializing Graphics Engine...
[15:19:46] [   LOG   ] [RHI] Initializing RHI...
[15:19:46] [   LOG   ] [RHI] Selected adapter: NVIDIA GeForce RTX 3070
[15:19:46] [   LOG   ] [RHI] RHI Started!
[15:19:46] [   LOG   ] [ModelViewer] Ready!
****************************************************************************************************
Logging has started at 2026-06-07 15:36:29.
****************************************************************************************************
[15:36:29] [   LOG   ] [ModelViewer] ModelViewer starting...
[15:36:29] [   LOG   ] [ModelViewer] Initializing Graphics Engine...
[15:36:29] [   LOG   ] [RHI] Initializing RHI...
[15:36:29] [   LOG   ] [RHI] Selected adapter: NVIDIA GeForce RTX 3070
[15:36:30] [   LOG   ] [RHI] RHI Started!
[15:36:30] [   LOG   ] [ModelViewer] Ready!
****************************************************************************************************
Logging has started at 2026-06-07 15:47:35.
****************************************************************************************************
[15:47:35] [   LOG   ] [ModelViewer] ModelViewer starting...
[15:47:35] [   LOG   ] [ModelViewer] Initializing Graphics Engine...
[15:47:35] [   LOG   ] [RHI] Initializing RHI...
[15:47:35] [   LOG   ] [RHI] Selected adapter: NVIDIA GeForce RTX 3070
[15:47:35] [   LOG   ] [RHI] RHI Started!
[15:47:35] [   LOG   ] [ModelViewer] Ready!
****************************************************************************************************
Logging has started at 2026-06-07 15:51:39.
****************************************************************************************************
[15:51:39] [   LOG   ] [ModelViewer] ModelViewer starting...
[15:51:39] [   LOG   ] [ModelViewer] Initializing Graphics Engine...
[15:51:39] [   LOG   ] [RHI] Initializing RHI...
[15:51:39] [   LOG   ] [RHI] Selected adapter: NVIDIA GeForce RTX 3070
[15:51:40] [   LOG   ] [RHI] RHI Started!
[15:51:40] [   LOG   ] [ModelViewer] Ready!
****************************************************************************************************
Logging has started at 2026-06-07 15:53:32.
****************************************************************************************************
[15:53:32] [   LOG   ] [ModelViewer] ModelViewer starting...
[15:53:32] [   LOG   ] [ModelViewer] Initializing Graphics Engine...
[15:53:32] [   LOG   ] [RHI] Initializing RHI...
[15:53:32] [   LOG   ] [RHI] Selected adapter: NVIDIA GeForce RTX 3070
[15:53:32] [   LOG   ] [RHI] RHI Started!
[15:53:32] [   LOG   ] [ModelViewer] Ready!
****************************************************************************************************
Logging has started at 2026-06-07 15:54:06.
****************************************************************************************************
[15:54:06] [   LOG   ] [ModelViewer] ModelViewer starting...
[15:54:06] [   LOG   ] [ModelViewer] Initializing Graphics Engine...
[15:54:06] [   LOG   ] [RHI] Initializing RHI...
[15:54:06] [   LOG   ] [RHI] Selected adapter: NVIDIA GeForce RTX 3070
[15:54:06] [   LOG   ] [RHI] RHI Started!
[15:54:06] [   LOG   ] [ModelViewer] Ready!
****************************************************************************************************
Logging has started at 2026-06-07 16:57:47.
****************************************************************************************************
[16:57:47] [   LOG   ] [ModelViewer] ModelViewer starting...
[16:57:47] [   LOG   ] [ModelViewer] Initializing Graphics Engine...
[16:57:47] [   LOG   ] [RHI] Initializing RHI...
[16:57:47] [   LOG   ] [RHI] Selected adapter: NVIDIA GeForce RTX 3070
[16:57:47] [   LOG   ] [RHI] RHI Started!
[16:57:47] [   LOG   ] [ModelViewer] Ready!
****************************************************************************************************
Logging has started at 2026-06-07 16:59:26.
****************************************************************************************************
[16:59:26] [   LOG   ] [ModelViewer] ModelViewer starting...
[16:59:26] [   LOG   ] [ModelViewer] Initializing Graphics Engine...
[16:59:26] [   LOG   ] [RHI] Initializing RHI...
[16:59:26] [   LOG   ] [RHI] Selected adapter: NVIDIA GeForce RTX 3070
[16:59:26] [   LOG   ] [RHI] RHI Started!
[16:59:26] [   LOG   ] [ModelViewer] Ready!
****************************************************************************************************
Logging has started at 2026-06-07 17:00:41.
****************************************************************************************************
[17:00:41] [   LOG   ] [ModelViewer] ModelViewer starting...
[17:00:41] [   LOG   ] [ModelViewer] Initializing Graphics Engine...
[17:00:41] [   LOG   ] [RHI] Initializing RHI...
[17:00:41] [   LOG   ] [RHI] Selected adapter: NVIDIA GeForce RTX 3070
[17:00:41] [   LOG   ] [RHI] RHI Started!
[17:00:41] [   LOG   ] [ModelViewer] Ready!
****************************************************************************************************
Logging has started at 2026-06-08 00:29:18.
****************************************************************************************************
[00:29:18] [   LOG   ] [ModelViewer] ModelViewer starting...
[00:29:18] [   LOG   ] [ModelViewer] Initializing Graphics Engine...
[00:29:18] [   LOG   ] [RHI] Initializing RHI...
[00:29:18] [   LOG   ] [RHI] Selected adapter: NVIDIA GeForce RTX 3070
[00:29:18] [   LOG   ] [RHI] RHI Started!
[00:29:18] [   LOG   ] [ModelViewer] Ready!
****************************************************************************************************
Logging has started at 2026-06-08 03:42:23.
****************************************************************************************************
[03:42:23] [   LOG   ] [ModelViewer] ModelViewer starting...
[03:42:23] [   LOG   ] [ModelViewer] Initializing Graphics Engine...
[03:42:23] [   LOG   ] [RHI] Initializing RHI...
[03:42:23] [   LOG   ] [RHI] Selected adapter: NVIDIA GeForce RTX 3070
[03:42:23] [   LOG   ] [RHI] RHI Started!
[03:42:23] [   LOG   ] [ModelViewer] Ready!
****************************************************************************************************
Logging has started at 2026-06-08 03:49:12.
****************************************************************************************************
[03:49:12] [   LOG   ] [ModelViewer] ModelViewer starting...
[03:49:12] [   LOG   ] [ModelViewer] Initializing Graphics Engine...
[03:49:12] [   LOG   ] [RHI] Initializing RHI...
[03:49:12] [   LOG   ] [RHI] Selected adapter: NVIDIA GeForce RTX 3070
[03:49:12] [   LOG   ] [RHI] RHI Started!
[03:49:12] [   LOG   ] [ModelViewer] Ready!
****************************************************************************************************
Logging has started at 2026-06-08 03:49:25.
****************************************************************************************************
[03:49:25] [   LOG   ] [ModelViewer] ModelViewer starting...
[03:49:25] [   LOG   ] [ModelViewer] Initializing Graphics Engine...
[03:49:25] [   LOG   ] [RHI] Initializing RHI...
[03:49:25] [   LOG   ] [RHI] Selected adapter: NVIDIA GeForce RTX 3070
[03:49:26] [   LOG   ] [RHI] RHI Started!
[03:49:26] [   LOG   ] [ModelViewer] Ready!
****************************************************************************************************
Logging has started at 2026-06-08 11:20:56.
****************************************************************************************************
[11:20:56] [   LOG   ] [ModelViewer] ModelViewer starting...
[11:20:56] [   LOG   ] [ModelViewer] Initializing Graphics Engine...
[11:20:56] [   LOG   ] [RHI] Initializing RHI...
[11:20:56] [   LOG   ] [RHI] Selected adapter: NVIDIA GeForce RTX 3070
[11:20:56] [   LOG   ] [RHI] RHI Started!
[11:20:56] [   LOG   ] [ModelViewer] Ready!
****************************************************************************************************
Logging has started at 2026-06-08 13:11:28.
****************************************************************************************************
[13:11:28] [   LOG   ] [ModelViewer] ModelViewer starting...
[13:11:29] [   LOG   ] [ModelViewer] Initializing Graphics Engine...
[13:11:29] [   LOG   ] [RHI] Initializing RHI...
[13:11:29] [   LOG   ] [RHI] Selected adapter: NVIDIA GeForce RTX 3070
[13:11:29] [   LOG   ] [RHI] RHI Started!
[13:11:29] [   LOG   ] [ModelViewer] Ready!
****************************************************************************************************
Logging has started at 2026-06-08 13:11:48.
****************************************************************************************************
[13:11:48] [   LOG   ] [ModelViewer] ModelViewer starting...
[13:11:48] [   LOG   ] [ModelViewer] Initializing Graphics Engine...
[13:11:48] [   LOG   ] [RHI] Initializing RHI...
[13:11:48] [   LOG   ] [RHI] Selected adapter: Capture Adapter
[13:11:48] [   LOG   ] [RHI] RHI Started!
[13:11:48] [   LOG   ] [ModelViewer] Ready!
****************************************************************************************************
Logging has started at 2026-06-08 15:23:30.
****************************************************************************************************
[15:23:30] [   LOG   ] [ModelViewer] ModelViewer starting...
[15:23:30] [   LOG   ] [ModelViewer] Initializing Graphics Engine...
[15:23:30] [   LOG   ] [RHI] Initializing RHI...
[15:23:30] [   LOG   ] [RHI] Selected adapter: NVIDIA GeForce RTX 3070
[15:23:30] [   LOG   ] [RHI] RHI Started!
[15:23:30] [   LOG   ] [ModelViewer] Ready!
****************************************************************************************************
Logging has started at 2026-06-08 16:05:49.
****************************************************************************************************
[16:05:49] [   LOG   ] [ModelViewer] ModelViewer starting...
[16:05:49] [   LOG   ] [ModelViewer] Initializing Graphics Engine...
[16:05:49] [   LOG   ] [RHI] Initializing RHI...
[16:05:49] [   LOG   ] [RHI] Selected adapter: NVIDIA GeForce RTX 3070
[16:05:49] [   LOG   ] [RHI] RHI Started!
[16:05:49] [   LOG   ] [ModelViewer] Ready!
****************************************************************************************************
Logging has started at 2026-06-08 16:11:34.
****************************************************************************************************
[16:11:34] [   LOG   ] [ModelViewer] ModelViewer starting...
[16:11:34] [   LOG   ] [ModelViewer] Initializing Graphics Engine...
[16:11:34] [   LOG   ] [RHI] Initializing RHI...
[16:11:34] [   LOG   ] [RHI] Selected adapter: NVIDIA GeForce RTX 3070
[16:11:35] [   LOG   ] [RHI] RHI Started!
[16:11:35] [   LOG   ] [ModelViewer] Ready!
****************************************************************************************************
Logging has started at 2026-06-08 16:19:00.
****************************************************************************************************
[16:19:00] [   LOG   ] [ModelViewer] ModelViewer starting...
[16:19:00] [   LOG   ] [ModelViewer] Initializing Graphics Engine...
[16:19:00] [   LOG   ] [RHI] Initializing RHI...
[16:19:00] [   LOG   ] [RHI] Selected adapter: NVIDIA GeForce RTX 3070
[16:19:01] [   LOG   ] [RHI] RHI Started!
[16:19:01] [   LOG   ] [ModelViewer] Ready!
****************************************************************************************************
Logging has started at 2026-06-08 16:25:55.
****************************************************************************************************
[16:25:55] [   LOG   ] [ModelViewer] ModelViewer starting...
[16:25:55] [   LOG   ] [ModelViewer] Initializing Graphics Engine...
[16:25:55] [   LOG   ] [RHI] Initializing RHI...
[16:25:55] [   LOG   ] [RHI] Selected adapter: NVIDIA GeForce RTX 3070
[16:25:55] [   LOG   ] [RHI] RHI Started!
[16:25:55] [   LOG   ] [ModelViewer] Ready!
****************************************************************************************************
Logging has started at 2026-06-08 18:06:06.
****************************************************************************************************
[18:06:06] [   LOG   ] [ModelViewer] ModelViewer starting...
[18:06:06] [   LOG   ] [ModelViewer] Initializing Graphics Engine...
[18:06:06] [   LOG   ] [RHI] Initializing RHI...
[18:06:06] [   LOG   ] [RHI] Selected adapter: NVIDIA GeForce RTX 3070
[18:06:07] [   LOG   ] [RHI] RHI Started!
[18:06:07] [   LOG   ] [ModelViewer] Ready!
****************************************************************************************************
Logging has started at 2026-06-08 18:22:48.
****************************************************************************************************
[18:22:48] [   LOG   ] [ModelViewer] ModelViewer starting...
[18:22:48] [   LOG   ] [ModelViewer] Initializing Graphics Engine...
[18:22:48] [   LOG   ] [RHI] Initializing RHI...
[18:22:48] [   LOG   ] [RHI] Selected adapter: NVIDIA GeForce RTX 3070
[18:22:48] [   LOG   ] [RHI] RHI Started!
[18:22:48] [   LOG   ] [ModelViewer] Ready!
****************************************************************************************************
Logging has started at 2026-06-09 18:55:54.
****************************************************************************************************
[18:55:54] [   LOG   ] [ModelViewer] ModelViewer starting...
[18:55:54] [   LOG   ] [ModelViewer] Initializing Graphics Engine...
[18:55:54] [   LOG   ] [RHI] Initializing RHI...
[18:55:54] [   LOG   ] [RHI] Selected adapter: NVIDIA GeForce RTX 3070
[18:55:54] [   LOG   ] [RHI] RHI Started!
[18:55:54] [   LOG   ] [ModelViewer] Loaded FBX mesh 'SM_Chest' with 2 elements.
[18:55:54] [   LOG   ] [ModelViewer] Ready!
****************************************************************************************************
Logging has started at 2026-06-09 18:58:18.
****************************************************************************************************
[18:58:18] [   LOG   ] [ModelViewer] ModelViewer starting...
[18:58:18] [   LOG   ] [ModelViewer] Initializing Graphics Engine...
[18:58:18] [   LOG   ] [RHI] Initializing RHI...
[18:58:18] [   LOG   ] [RHI] Selected adapter: NVIDIA GeForce RTX 3070
[18:58:18] [   LOG   ] [RHI] RHI Started!
[18:58:18] [   LOG   ] [ModelViewer] Loaded FBX mesh 'SM_Chest' with 2 elements.
[18:58:18] [   LOG   ] [ModelViewer] Ready!
****************************************************************************************************
Logging has started at 2026-06-09 18:59:38.
****************************************************************************************************
[18:59:38] [   LOG   ] [ModelViewer] ModelViewer starting...
[18:59:38] [   LOG   ] [ModelViewer] Initializing Graphics Engine...
[18:59:38] [   LOG   ] [RHI] Initializing RHI...
[18:59:38] [   LOG   ] [RHI] Selected adapter: NVIDIA GeForce RTX 3070
[18:59:38] [   LOG   ] [RHI] RHI Started!
[18:59:38] [   LOG   ] [ModelViewer] Loaded FBX mesh 'SM_Chest' with 2 elements.
[18:59:38] [   LOG   ] [ModelViewer] Ready!
****************************************************************************************************
Logging has started at 2026-06-09 18:59:58.
****************************************************************************************************
[18:59:58] [   LOG   ] [ModelViewer] ModelViewer starting...
[18:59:58] [   LOG   ] [ModelViewer] Initializing Graphics Engine...
[18:59:58] [   LOG   ] [RHI] Initializing RHI...
[18:59:58] [   LOG   ] [RHI] Selected adapter: NVIDIA GeForce RTX 3070
[18:59:58] [   LOG   ] [RHI] RHI Started!
[18:59:58] [   LOG   ] [ModelViewer] Loaded FBX mesh 'SM_Chest' with 2 elements.
[18:59:58] [   LOG   ] [ModelViewer] Ready!
****************************************************************************************************
Logging has started at 2026-06-09 19:00:31.
****************************************************************************************************
[19:00:31] [   LOG   ] [ModelViewer] ModelViewer starting...
[19:00:31] [   LOG   ] [ModelViewer] Initializing Graphics Engine...
[19:00:31] [   LOG   ] [RHI] Initializing RHI...
[19:00:31] [   LOG   ] [RHI] Selected adapter: NVIDIA GeForce RTX 3070
[19:00:31] [   LOG   ] [RHI] RHI Started!
[19:00:32] [   LOG   ] [ModelViewer] Loaded FBX mesh 'SM_Chest' with 2 elements.
[19:00:32] [   LOG   ] [ModelViewer] Ready!
****************************************************************************************************
Logging has started at 2026-06-09 19:02:21.
****************************************************************************************************
[19:02:21] [   LOG   ] [ModelViewer] ModelViewer starting...
[19:02:21] [   LOG   ] [ModelViewer] Initializing Graphics Engine...
[19:02:21] [   LOG   ] [RHI] Initializing RHI...
[19:02:21] [   LOG   ] [RHI] Selected adapter: NVIDIA GeForce RTX 3070
[19:02:22] [   LOG   ] [RHI] RHI Started!
[19:02:22] [   LOG   ] [ModelViewer] Loaded FBX mesh 'SM_Chest' with 2 elements.
[19:02:22] [   LOG   ] [ModelViewer] Ready!
****************************************************************************************************
Logging has started at 2026-06-09 19:11:02.
****************************************************************************************************
[19:11:02] [   LOG   ] [ModelViewer] ModelViewer starting...
[19:11:02] [   LOG   ] [ModelViewer] Initializing Graphics Engine...
[19:11:02] [   LOG   ] [RHI] Initializing RHI...
[19:11:02] [   LOG   ] [RHI] Selected adapter: NVIDIA GeForce RTX 3070
[19:11:02] [   LOG   ] [RHI] RHI Started!
[19:11:02] [   LOG   ] [ModelViewer] Loaded FBX mesh 'SM_Chest' with 2 elements.
[19:11:02] [   LOG   ] [ModelViewer] Ready!
****************************************************************************************************
Logging has started at 2026-06-09 22:48:18.
****************************************************************************************************
[22:48:18] [   LOG   ] [ModelViewer] ModelViewer starting...
[22:48:18] [   LOG   ] [ModelViewer] Initializing Graphics Engine...
[22:48:18] [   LOG   ] [RHI] Initializing RHI...
[22:48:18] [   LOG   ] [RHI] Selected adapter: NVIDIA GeForce RTX 3070
[22:48:18] [   LOG   ] [RHI] RHI Started!
[22:48:18] [   LOG   ] [ModelViewer] Loaded FBX mesh 'SM_Chest' with 2 elements.
[22:48:19] [   LOG   ] [ModelViewer] Loaded FBX mesh 'SK_C_TGA_Bro' with 1 elements.
[22:48:19] [   LOG   ] [ModelViewer] Loaded animation 'Walk' for mesh 'SK_C_TGA_Bro'.
[22:48:19] [   LOG   ] [ModelViewer] Loaded animation 'Run' for mesh 'SK_C_TGA_Bro'.
[22:48:19] [   LOG   ] [ModelViewer] Loaded animation 'Wave' for mesh 'SK_C_TGA_Bro'.
[22:48:19] [   LOG   ] [ModelViewer] Loaded animation 'Breathing' for mesh 'SK_C_TGA_Bro'.
[22:48:19] [   LOG   ] [ModelViewer] Ready!
****************************************************************************************************
Logging has started at 2026-06-09 22:51:27.
****************************************************************************************************
[22:51:27] [   LOG   ] [ModelViewer] ModelViewer starting...
[22:51:27] [   LOG   ] [ModelViewer] Initializing Graphics Engine...
[22:51:27] [   LOG   ] [RHI] Initializing RHI...
[22:51:27] [   LOG   ] [RHI] Selected adapter: NVIDIA GeForce RTX 3070
[22:51:27] [   LOG   ] [RHI] RHI Started!
[22:51:28] [   LOG   ] [ModelViewer] Loaded FBX mesh 'SM_Chest' with 2 elements.
[22:51:28] [   LOG   ] [ModelViewer] Loaded FBX mesh 'SK_C_TGA_Bro' with 1 elements.
[22:51:28] [   LOG   ] [ModelViewer] Loaded animation 'Walk' for mesh 'SK_C_TGA_Bro'.
[22:51:28] [   LOG   ] [ModelViewer] Loaded animation 'Run' for mesh 'SK_C_TGA_Bro'.
[22:51:28] [   LOG   ] [ModelViewer] Loaded animation 'Wave' for mesh 'SK_C_TGA_Bro'.
[22:51:28] [   LOG   ] [ModelViewer] Loaded animation 'Breathing' for mesh 'SK_C_TGA_Bro'.
[22:51:28] [   LOG   ] [ModelViewer] Ready!
****************************************************************************************************
Logging has started at 2026-06-09 23:03:09.
****************************************************************************************************
[23:03:09] [   LOG   ] [ModelViewer] ModelViewer starting...
[23:03:09] [   LOG   ] [ModelViewer] Initializing Graphics Engine...
[23:03:09] [   LOG   ] [RHI] Initializing RHI...
[23:03:09] [   LOG   ] [RHI] Selected adapter: NVIDIA GeForce RTX 3070
[23:03:09] [   LOG   ] [RHI] RHI Started!
[23:03:09] [   LOG   ] [ModelViewer] Loaded FBX mesh 'SM_Chest' with 2 elements.
[23:03:09] [   LOG   ] [ModelViewer] Loaded FBX mesh 'SK_C_TGA_Bro' with 1 elements.
[23:03:09] [   LOG   ] [ModelViewer] Loaded animation 'Walk' for mesh 'SK_C_TGA_Bro'.
[23:03:09] [   LOG   ] [ModelViewer] Loaded animation 'Run' for mesh 'SK_C_TGA_Bro'.
[23:03:10] [   LOG   ] [ModelViewer] Loaded animation 'Wave' for mesh 'SK_C_TGA_Bro'.
[23:03:10] [   LOG   ] [ModelViewer] Loaded animation 'Breathing' for mesh 'SK_C_TGA_Bro'.
[23:03:10] [   LOG   ] [ModelViewer] Ready!
****************************************************************************************************
Logging has started at 2026-06-09 23:05:32.
****************************************************************************************************
[23:05:32] [   LOG   ] [ModelViewer] ModelViewer starting...
[23:05:32] [   LOG   ] [ModelViewer] Initializing Graphics Engine...
[23:05:32] [   LOG   ] [RHI] Initializing RHI...
[23:05:32] [   LOG   ] [RHI] Selected adapter: NVIDIA GeForce RTX 3070
[23:05:32] [   LOG   ] [RHI] RHI Started!
[23:05:32] [   LOG   ] [ModelViewer] Loaded FBX mesh 'SM_Chest' with 2 elements.
[23:05:32] [   LOG   ] [ModelViewer] Loaded FBX mesh 'SK_C_TGA_Bro' with 1 elements.
[23:05:32] [   LOG   ] [ModelViewer] Loaded animation 'Walk' for mesh 'SK_C_TGA_Bro'.
[23:05:32] [   LOG   ] [ModelViewer] Loaded animation 'Run' for mesh 'SK_C_TGA_Bro'.
[23:05:32] [   LOG   ] [ModelViewer] Loaded animation 'Wave' for mesh 'SK_C_TGA_Bro'.
[23:05:33] [   LOG   ] [ModelViewer] Loaded animation 'Breathing' for mesh 'SK_C_TGA_Bro'.
[23:05:33] [   LOG   ] [ModelViewer] Ready!
****************************************************************************************************
Logging has started at 2026-06-09 23:07:47.
****************************************************************************************************
[23:07:47] [   LOG   ] [ModelViewer] ModelViewer starting...
[23:07:47] [   LOG   ] [ModelViewer] Initializing Graphics Engine...
[23:07:47] [   LOG   ] [RHI] Initializing RHI...
[23:07:47] [   LOG   ] [RHI] Selected adapter: NVIDIA GeForce RTX 3070
[23:07:48] [   LOG   ] [RHI] RHI Started!
[23:07:48] [   LOG   ] [ModelViewer] Loaded FBX mesh 'SM_Chest' with 2 elements.
[23:07:48] [   LOG   ] [ModelViewer] Loaded FBX mesh 'SK_C_TGA_Bro' with 1 elements.
[23:07:48] [   LOG   ] [ModelViewer] Loaded animation 'Walk' for mesh 'SK_C_TGA_Bro'.
[23:07:48] [   LOG   ] [ModelViewer] Loaded animation 'Run' for mesh 'SK_C_TGA_Bro'.
[23:07:48] [   LOG   ] [ModelViewer] Loaded animation 'Wave' for mesh 'SK_C_TGA_Bro'.
[23:07:49] [   LOG   ] [ModelViewer] Loaded animation 'Breathing' for mesh 'SK_C_TGA_Bro'.
[23:07:49] [   LOG   ] [ModelViewer] Ready!
****************************************************************************************************
Logging has started at 2026-06-09 23:21:16.
****************************************************************************************************
[23:21:16] [   LOG   ] [ModelViewer] ModelViewer starting...
[23:21:16] [   LOG   ] [ModelViewer] Initializing Graphics Engine...
[23:21:16] [   LOG   ] [RHI] Initializing RHI...
[23:21:16] [   LOG   ] [RHI] Selected adapter: NVIDIA GeForce RTX 3070
[23:21:16] [   LOG   ] [RHI] RHI Started!
[23:21:16] [   LOG   ] [ModelViewer] Loaded FBX mesh 'SM_Chest' with 2 elements.
[23:21:17] [   LOG   ] [ModelViewer] Loaded FBX mesh 'SK_C_TGA_Bro' with 1 elements.
[23:21:17] [   LOG   ] [ModelViewer] Loaded animation 'Walk' for mesh 'SK_C_TGA_Bro'.
[23:21:17] [   LOG   ] [ModelViewer] Loaded animation 'Run' for mesh 'SK_C_TGA_Bro'.
[23:21:17] [   LOG   ] [ModelViewer] Loaded animation 'Wave' for mesh 'SK_C_TGA_Bro'.
[23:21:17] [   LOG   ] [ModelViewer] Loaded animation 'Breathing' for mesh 'SK_C_TGA_Bro'.
[23:21:17] [   LOG   ] [ModelViewer] Ready!
****************************************************************************************************
Logging has started at 2026-06-09 23:25:50.
****************************************************************************************************
[23:25:50] [   LOG   ] [ModelViewer] ModelViewer starting...
[23:25:50] [   LOG   ] [ModelViewer] Initializing Graphics Engine...
[23:25:50] [   LOG   ] [RHI] Initializing RHI...
[23:25:50] [   LOG   ] [RHI] Selected adapter: NVIDIA GeForce RTX 3070
[23:25:51] [   LOG   ] [RHI] RHI Started!
[23:25:51] [   LOG   ] [ModelViewer] Loaded FBX mesh 'SM_Chest' with 2 elements.
[23:25:51] [   LOG   ] [ModelViewer] Loaded FBX mesh 'SK_C_TGA_Bro' with 1 elements.
[23:25:51] [   LOG   ] [ModelViewer] Loaded animation 'Walk' for mesh 'SK_C_TGA_Bro'.
[23:25:51] [   LOG   ] [ModelViewer] Loaded animation 'Run' for mesh 'SK_C_TGA_Bro'.
[23:25:51] [   LOG   ] [ModelViewer] Loaded animation 'Wave' for mesh 'SK_C_TGA_Bro'.
[23:25:51] [   LOG   ] [ModelViewer] Loaded animation 'Breathing' for mesh 'SK_C_TGA_Bro'.
[23:25:51] [   LOG   ] [ModelViewer] Ready!
****************************************************************************************************
Logging has started at 2026-06-09 23:26:21.
****************************************************************************************************
[23:26:21] [   LOG   ] [ModelViewer] ModelViewer starting...
[23:26:21] [   LOG   ] [ModelViewer] Initializing Graphics Engine...
[23:26:21] [   LOG   ] [RHI] Initializing RHI...
[23:26:21] [   LOG   ] [RHI] Selected adapter: NVIDIA GeForce RTX 3070
[23:26:21] [   LOG   ] [RHI] RHI Started!
[23:26:21] [   LOG   ] [ModelViewer] Loaded FBX mesh 'SM_Chest' with 2 elements.
[23:26:21] [   LOG   ] [ModelViewer] Loaded FBX mesh 'SK_C_TGA_Bro' with 1 elements.
[23:26:21] [   LOG   ] [ModelViewer] Loaded animation 'Walk' for mesh 'SK_C_TGA_Bro'.
[23:26:22] [   LOG   ] [ModelViewer] Loaded animation 'Run' for mesh 'SK_C_TGA_Bro'.
[23:26:22] [   LOG   ] [ModelViewer] Loaded animation 'Wave' for mesh 'SK_C_TGA_Bro'.
[23:26:22] [   LOG   ] [ModelViewer] Loaded animation 'Breathing' for mesh 'SK_C_TGA_Bro'.
[23:26:22] [   LOG   ] [ModelViewer] Ready!
****************************************************************************************************
Logging has started at 2026-06-09 23:26:34.
****************************************************************************************************
[23:26:34] [   LOG   ] [ModelViewer] ModelViewer starting...
[23:26:34] [   LOG   ] [ModelViewer] Initializing Graphics Engine...
[23:26:34] [   LOG   ] [RHI] Initializing RHI...
[23:26:34] [   LOG   ] [RHI] Selected adapter: NVIDIA GeForce RTX 3070
[23:26:34] [   LOG   ] [RHI] RHI Started!
[23:26:34] [   LOG   ] [ModelViewer] Loaded FBX mesh 'SM_Chest' with 2 elements.
[23:26:34] [   LOG   ] [ModelViewer] Loaded FBX mesh 'SK_C_TGA_Bro' with 1 elements.
[23:26:34] [   LOG   ] [ModelViewer] Loaded animation 'Walk' for mesh 'SK_C_TGA_Bro'.
[23:26:35] [   LOG   ] [ModelViewer] Loaded animation 'Run' for mesh 'SK_C_TGA_Bro'.
[23:26:35] [   LOG   ] [ModelViewer] Loaded animation 'Wave' for mesh 'SK_C_TGA_Bro'.
[23:26:35] [   LOG   ] [ModelViewer] Loaded animation 'Breathing' for mesh 'SK_C_TGA_Bro'.
[23:26:35] [   LOG   ] [ModelViewer] Ready!
****************************************************************************************************
Logging has started at 2026-06-09 23:27:09.
****************************************************************************************************
[23:27:09] [   LOG   ] [ModelViewer] ModelViewer starting...
[23:27:09] [   LOG   ] [ModelViewer] Initializing Graphics Engine...
[23:27:09] [   LOG   ] [RHI] Initializing RHI...
[23:27:09] [   LOG   ] [RHI] Selected adapter: NVIDIA GeForce RTX 3070
[23:27:09] [   LOG   ] [RHI] RHI Started!
[23:27:09] [   LOG   ] [ModelViewer] Loaded FBX mesh 'SM_Chest' with 2 elements.
[23:27:10] [   LOG   ] [ModelViewer] Loaded FBX mesh 'SK_C_TGA_Bro' with 1 elements.
[23:27:10] [   LOG   ] [ModelViewer] Loaded animation 'Walk' for mesh 'SK_C_TGA_Bro'.
[23:27:10] [   LOG   ] [ModelViewer] Loaded animation 'Run' for mesh 'SK_C_TGA_Bro'.
[23:27:10] [   LOG   ] [ModelViewer] Loaded animation 'Wave' for mesh 'SK_C_TGA_Bro'.
[23:27:10] [   LOG   ] [ModelViewer] Loaded animation 'Breathing' for mesh 'SK_C_TGA_Bro'.
[23:27:10] [   LOG   ] [ModelViewer] Ready!
****************************************************************************************************
Logging has started at 2026-06-09 23:27:58.
****************************************************************************************************
[23:27:58] [   LOG   ] [ModelViewer] ModelViewer starting...
[23:27:58] [   LOG   ] [ModelViewer] Initializing Graphics Engine...
[23:27:58] [   LOG   ] [RHI] Initializing RHI...
[23:27:58] [   LOG   ] [RHI] Selected adapter: NVIDIA GeForce RTX 3070
[23:27:58] [   LOG   ] [RHI] RHI Started!
[23:27:58] [   LOG   ] [ModelViewer] Loaded FBX mesh 'SM_Chest' with 2 elements.
[23:27:59] [   LOG   ] [ModelViewer] Loaded FBX mesh 'SK_C_TGA_Bro' with 1 elements.
[23:27:59] [   LOG   ] [ModelViewer] Loaded animation 'Walk' for mesh 'SK_C_TGA_Bro'.
[23:27:59] [   LOG   ] [ModelViewer] Loaded animation 'Run' for mesh 'SK_C_TGA_Bro'.
[23:27:59] [   LOG   ] [ModelViewer] Loaded animation 'Wave' for mesh 'SK_C_TGA_Bro'.
[23:27:59] [   LOG   ] [ModelViewer] Loaded animation 'Breathing' for mesh 'SK_C_TGA_Bro'.
[23:27:59] [   LOG   ] [ModelViewer] Ready!
****************************************************************************************************
Logging has started at 2026-06-09 23:28:29.
****************************************************************************************************
[23:28:29] [   LOG   ] [ModelViewer] ModelViewer starting...
[23:28:29] [   LOG   ] [ModelViewer] Initializing Graphics Engine...
[23:28:29] [   LOG   ] [RHI] Initializing RHI...
[23:28:29] [   LOG   ] [RHI] Selected adapter: NVIDIA GeForce RTX 3070
[23:28:30] [   LOG   ] [RHI] RHI Started!
[23:28:30] [   LOG   ] [ModelViewer] Loaded FBX mesh 'SM_Chest' with 2 elements.
[23:28:30] [   LOG   ] [ModelViewer] Loaded FBX mesh 'SK_C_TGA_Bro' with 1 elements.
[23:28:30] [   LOG   ] [ModelViewer] Loaded animation 'Walk' for mesh 'SK_C_TGA_Bro'.
[23:28:30] [   LOG   ] [ModelViewer] Loaded animation 'Run' for mesh 'SK_C_TGA_Bro'.
[23:28:30] [   LOG   ] [ModelViewer] Loaded animation 'Wave' for mesh 'SK_C_TGA_Bro'.
[23:28:30] [   LOG   ] [ModelViewer] Loaded animation 'Breathing' for mesh 'SK_C_TGA_Bro'.
[23:28:30] [   LOG   ] [ModelViewer] Ready!
****************************************************************************************************
Logging has started at 2026-06-09 23:39:15.
****************************************************************************************************
[23:39:15] [   LOG   ] [ModelViewer] ModelViewer starting...
[23:39:15] [   LOG   ] [ModelViewer] Initializing Graphics Engine...
[23:39:15] [   LOG   ] [RHI] Initializing RHI...
[23:39:15] [   LOG   ] [RHI] Selected adapter: NVIDIA GeForce RTX 3070
[23:39:15] [   LOG   ] [RHI] RHI Started!
[23:39:15] [   LOG   ] [ModelViewer] Loaded FBX mesh 'SM_Chest' with 2 elements.
[23:39:15] [   LOG   ] [ModelViewer] Loaded FBX mesh 'SK_C_TGA_Bro' with 1 elements.
[23:39:15] [   LOG   ] [ModelViewer] Loaded animation 'Walk' for mesh 'SK_C_TGA_Bro'.
[23:39:16] [   LOG   ] [ModelViewer] Loaded animation 'Run' for mesh 'SK_C_TGA_Bro'.
[23:39:16] [   LOG   ] [ModelViewer] Loaded animation 'Wave' for mesh 'SK_C_TGA_Bro'.
[23:39:16] [   LOG   ] [ModelViewer] Loaded animation 'Breathing' for mesh 'SK_C_TGA_Bro'.
[23:39:16] [   LOG   ] [ModelViewer] Ready!
****************************************************************************************************
Logging has started at 2026-06-09 23:44:06.
****************************************************************************************************
[23:44:06] [   LOG   ] [ModelViewer] ModelViewer starting...
[23:44:06] [   LOG   ] [ModelViewer] Initializing Graphics Engine...
[23:44:06] [   LOG   ] [RHI] Initializing RHI...
[23:44:06] [   LOG   ] [RHI] Selected adapter: NVIDIA GeForce RTX 3070
[23:44:06] [   LOG   ] [RHI] RHI Started!
[23:44:06] [   LOG   ] [ModelViewer] Loaded FBX mesh 'SM_Chest' with 2 elements.
[23:44:07] [   LOG   ] [ModelViewer] Loaded FBX mesh 'SK_C_TGA_Bro' with 1 elements.
[23:44:07] [   LOG   ] [ModelViewer] Loaded animation 'Walk' for mesh 'SK_C_TGA_Bro'.
[23:44:07] [   LOG   ] [ModelViewer] Loaded animation 'Run' for mesh 'SK_C_TGA_Bro'.
[23:44:07] [   LOG   ] [ModelViewer] Loaded animation 'Wave' for mesh 'SK_C_TGA_Bro'.
[23:44:07] [   LOG   ] [ModelViewer] Loaded animation 'Breathing' for mesh 'SK_C_TGA_Bro'.
[23:44:07] [   LOG   ] [ModelViewer] Ready!
****************************************************************************************************
Logging has started at 2026-06-09 23:45:14.
****************************************************************************************************
[23:45:14] [   LOG   ] [ModelViewer] ModelViewer starting...
[23:45:14] [   LOG   ] [ModelViewer] Initializing Graphics Engine...
[23:45:14] [   LOG   ] [RHI] Initializing RHI...
[23:45:14] [   LOG   ] [RHI] Selected adapter: NVIDIA GeForce RTX 3070
[23:45:14] [   LOG   ] [RHI] RHI Started!
[23:45:14] [   LOG   ] [ModelViewer] Loaded FBX mesh 'SM_Chest' with 2 elements.
[23:45:15] [   LOG   ] [ModelViewer] Loaded FBX mesh 'SK_C_TGA_Bro' with 1 elements.
[23:45:15] [   LOG   ] [ModelViewer] Loaded animation 'Walk' for mesh 'SK_C_TGA_Bro'.
[23:45:15] [   LOG   ] [ModelViewer] Loaded animation 'Run' for mesh 'SK_C_TGA_Bro'.
[23:45:15] [   LOG   ] [ModelViewer] Loaded animation 'Wave' for mesh 'SK_C_TGA_Bro'.
[23:45:15] [   LOG   ] [ModelViewer] Loaded animation 'Breathing' for mesh 'SK_C_TGA_Bro'.
[23:45:15] [   LOG   ] [ModelViewer] Ready!
****************************************************************************************************
Logging has started at 2026-06-10 00:10:29.
****************************************************************************************************
[00:10:29] [   LOG   ] [ModelViewer] ModelViewer starting...
[00:10:29] [   LOG   ] [ModelViewer] Initializing Graphics Engine...
[00:10:29] [   LOG   ] [RHI] Initializing RHI...
[00:10:29] [   LOG   ] [RHI] Selected adapter: NVIDIA GeForce RTX 3070
[00:10:29] [   LOG   ] [RHI] RHI Started!
[00:10:29] [   LOG   ] [ModelViewer] Loaded FBX mesh 'SM_Chest' with 2 elements.
[00:10:30] [   LOG   ] [ModelViewer] Loaded FBX mesh 'SK_C_TGA_Bro' with 1 elements.
[00:10:30] [   LOG   ] [ModelViewer] Loaded animation 'Walk' for mesh 'SK_C_TGA_Bro'.
[00:10:30] [   LOG   ] [ModelViewer] Loaded animation 'Run' for mesh 'SK_C_TGA_Bro'.
[00:10:30] [   LOG   ] [ModelViewer] Loaded animation 'Wave' for mesh 'SK_C_TGA_Bro'.
[00:10:30] [   LOG   ] [ModelViewer] Loaded animation 'Breathing' for mesh 'SK_C_TGA_Bro'.
[00:10:30] [   LOG   ] [ModelViewer] Ready!
